scene CAB_A1 size=[640 400] ltg=[-39 263] gs=[144 36] gsh=[46 -99] gl=[8 5] zper=8
  walkable 7: 2,2 3,2 4,2 1,3 2,3 3,3 2,4
  obj bur1       cell=1,1 star=true z=14 cur=0 text=1011 shift=123,17 origin=28,183 zone=265,269,90,60 block=[]
  obj downdoor   cell=2,4 star=true z=39 cur=4 text=4 shift=0,0 origin=295,308 zone=149,362,250,100 block=[]
  obj rgtdoor    cell=0,3 star=true z=31 cur=2 text=4 shift=7,272 origin=0,0 zone=541,96,60,250 block=[]
scene CAB_A2 size=[640 400] ltg=[0 260] gs=[144 36] gsh=[46 -99] gl=[8 5] zper=8
  walkable 6: 2,1 2,2 3,2 4,2 2,3 3,3
  obj cntrdoor   cell=0,1 star=true z=15 cur=3 text=4 shift=46,197 origin=0,0 zone=305,136,100,165 block=[]
  obj rgtdoor    cell=0,2 star=true z=23 cur=2 text=4 shift=46,233 origin=0,0 zone=567,87,60,250 block=[]
scene CAB_A3 size=[640 400] ltg=[-39 253] gs=[144 36] gsh=[46 -99] gl=[8 5] zper=8
  walkable 7: 1,2 2,2 3,2 1,3 2,3 3,3 2,4
  obj bur2       cell=2,2 star=true z=22 cur=0 text=1011 shift=123,21 origin=172,205 zone=409,295,90,60 block=[]
  obj downdoor   cell=2,4 star=true z=39 cur=4 text=4 shift=0,0 origin=295,298 zone=149,369,250,100 block=[]
  obj rgtdoor    cell=0,3 star=true z=31 cur=2 text=4 shift=7,262 origin=0,0 zone=541,116,60,250 block=[]
scene CAB_A4 size=[640 400] ltg=[-39 253] gs=[144 36] gsh=[46 -99] gl=[8 5] zper=8
  walkable 7: 2,1 1,2 2,2 1,3 2,3 3,3 2,4
  obj bur1       cell=1,0 star=true z=5 cur=0 text=1017 shift=117,79 origin=34,75 zone=135,188,160,90 block=[]
  obj cntrdoor   cell=0,2 star=true z=16 cur=3 text=4 shift=7,226 origin=0,0 zone=286,136,100,175 block=[]
  obj downdoor   cell=2,4 star=true z=39 cur=4 text=4 shift=0,0 origin=295,298 zone=149,377,250,100 block=[]
scene CAB_A5 size=[640 400] ltg=[-39 240] gs=[144 36] gsh=[46 -99] gl=[8 5] zper=8
  walkable 5: 2,2 1,3 2,3 3,3 4,3
  obj bur0       cell=0,3 star=true z=29 cur=0 text=1017 shift=117,79 origin=-110,170 zone=-9,283,160,90 block=[]
  obj cntrdoor   cell=0,0 star=true z=7 cur=3 text=4 shift=7,141 origin=0,0 zone=286,120,100,165 block=[]
  obj rgtdoor    cell=0,3 star=true z=31 cur=2 text=4 shift=7,249 origin=0,0 zone=541,103,60,250 block=[]
scene CAB_B1 size=[640 400] ltg=[-39 268] gs=[144 36] gsh=[46 -97] gl=[8 5] zper=8
  walkable 3: 0,2 1,2 1,3
  obj axe        cell=1,2 star=true z=21 cur=0 text=1010 shift=123,21 origin=28,222 zone=245,351,23,20 block=[]
  obj burrels    cell=1,2 star=true z=22 cur=0 text=1011 shift=123,21 origin=28,222 zone=268,290,160,100 block=[]
  obj lftdoor    cell=0,2 star=true z=23 cur=1 text=4 shift=7,283 origin=0,-40 zone=51,100,60,240 block=[]
scene CAB_B2 size=[640 400] ltg=[-39 241] gs=[144 36] gsh=[46 -99] gl=[8 5] zper=8
  walkable 6: 0,3 1,3 2,3 3,3 4,3 2,4
  obj bur3       cell=3,1 star=true z=10 cur=0 text=1011 shift=99,71 origin=340,107 zone=473,204,75,92 block=[]
  obj burrels    cell=2,3 star=true z=30 cur=0 text=1011 shift=123,21 origin=172,229 zone=412,299,160,100 block=[]
  obj downdoor   cell=2,4 star=true z=39 cur=4 text=4 shift=0,0 origin=295,286 zone=149,373,250,100 block=[]
  obj lftdoor    cell=0,3 star=true z=31 cur=1 text=4 shift=7,250 origin=0,0 zone=51,109,60,240 block=[]
  obj rgtdoor    cell=4,3 star=true z=31 cur=2 text=4 shift=583,250 origin=0,0 zone=537,104,60,250 block=[]
scene CAB_B3 size=[640 400] ltg=[-9 273] gs=[144 36] gsh=[46 -99] gl=[8 5] zper=8
  walkable 3: 2,1 1,2 2,2
  obj bur0       cell=0,2 star=true z=21 cur=0 text=1017 shift=117,79 origin=-80,167 zone=21,280,160,90 block=[]
  obj cntrdoor   cell=2,0 star=true z=7 cur=3 text=4 shift=325,174 origin=0,0 zone=304,153,100,165 block=[]
  obj lftdoor    cell=0,3 star=true z=31 cur=1 text=4 shift=37,282 origin=0,0 zone=63,141,55,240 block=[]
scene CAB_B4 size=[640 400] ltg=[-37 261] gs=[144 36] gsh=[46 -99] gl=[8 5] zper=8
  walkable 4: 1,2 2,2 3,2 2,3
  obj bur0       cell=0,3 star=true z=29 cur=0 text=1017 shift=94,69 origin=-85,201 zone=24,314,160,90 block=[]
  obj burrels    cell=0,2 star=true z=22 cur=0 text=1011 shift=123,21 origin=-114,213 zone=126,283,160,100 block=[]
  obj matches    cell=2,2 star=true z=16 cur=0 text=1013 shift=289,47 origin=8,187 zone=309,193,14,20 block=[]
  obj rgtdoor    cell=4,3 star=true z=31 cur=2 text=4 shift=585,270 origin=0,0 zone=552,124,60,250 block=[]
  obj sh0        cell=0,2 star=false z=16 cur=0 text=1013 shift=289,47 origin=-280,187 zone=-27,208,90,40 block=[]
  obj sh3        cell=3,3 star=true z=24 cur=0 text=1013 shift=289,47 origin=152,223 zone=405,244,90,40 block=[]
scene CAB_B5 size=[640 400] ltg=[-39 243] gs=[144 36] gsh=[46 -99] gl=[8 5] zper=8
  walkable 3: 2,3 3,3 2,4
  obj downdoor   cell=2,4 star=true z=39 cur=4 text=4 shift=0,0 origin=295,288 zone=149,367,250,100 block=[]
  obj rgtdoor    cell=4,3 star=true z=31 cur=2 text=4 shift=583,252 origin=0,0 zone=537,106,60,250 block=[]
scene CAB_B6 size=[640 400] ltg=[-9 233] gs=[144 36] gsh=[46 -99] gl=[8 5] zper=8
  walkable 4: 2,2 1,3 2,3 2,4
  obj cntrdoor   cell=2,0 star=true z=4 cur=3 text=4 shift=325,134 origin=0,0 zone=304,113,100,205 block=[]
  obj downdoor   cell=2,4 star=true z=39 cur=4 text=4 shift=0,0 origin=325,278 zone=179,357,250,100 block=[]
  obj lftdoor    cell=0,3 star=true z=31 cur=1 text=4 shift=37,242 origin=0,0 zone=81,101,60,240 block=[]
  obj outdoor    cell=2,0 star=false z=7 cur=4 text=4 shift=0,0 origin=325,134 zone=179,213,250,100 block=[]
scene CAB_C1 size=[640 400] ltg=[-39 253] gs=[144 36] gsh=[46 -99] gl=[8 5] zper=8
  walkable 5: 2,2 3,2 2,3 3,3 2,4
  obj bottle     cell=3,2 star=true z=21 cur=0 text=1012 shift=117,79 origin=322,147 zone=463,330,20,30 block=[]
  obj bur3       cell=3,1 star=true z=10 cur=0 text=1011 shift=99,89 origin=340,101 zone=473,216,75,92 block=[]
  obj downdoor   cell=2,4 star=true z=39 cur=4 text=4 shift=0,0 origin=295,298 zone=249,377,250,100 block=[]
scene CAB_C2 size=[640 400] ltg=[-82 253] gs=[144 36] gsh=[46 -94] gl=[8 5] zper=8
  walkable 7: 2,1 2,2 3,2 1,3 2,3 3,3 2,4
  obj cntrdoor   cell=2,2 star=true z=16 cur=3 text=4 shift=252,231 origin=0,0 zone=216,160,100,163 block=[]
  obj downdoor   cell=2,4 star=true z=39 cur=4 text=4 shift=0,0 origin=252,303 zone=196,377,250,100 block=[]
  obj lftdoor    cell=0,3 star=true z=31 cur=1 text=4 shift=-36,267 origin=0,0 zone=48,121,60,240 block=[]
scene CAB_C3 size=[640 400] ltg=[-54 260] gs=[144 36] gsh=[46 -99] gl=[8 5] zper=8
  walkable 4: 2,1 2,2 1,3 3,3
  obj burrels    cell=1,3 star=true z=30 cur=0 text=1011 shift=123,21 origin=13,248 zone=253,318,160,100 block=[]
  obj cntrdoor   cell=2,1 star=true z=15 cur=3 text=4 shift=280,197 origin=0,0 zone=259,176,100,165 block=[]
  obj new        cell=3,3 star=true z=31 cur=0 text=1016 shift=76,70 origin=348,199 zone=458,388,70,18 block=[]
scene CAB_C3A size=[640 400] ltg=[-39 253] gs=[144 36] gsh=[46 -99] gl=[8 5] zper=8
  walkable 3: 1,3 2,3 2,4
  obj burrel1    cell=1,0 star=true z=6 cur=0 text=1011 shift=123,31 origin=28,123 zone=268,193,160,100 block=[]
  obj downdoor   cell=2,4 star=true z=39 cur=4 text=4 shift=0,0 origin=295,298 zone=149,377,250,100 block=[]
  obj lftdoor    cell=0,3 star=true z=31 cur=1 text=4 shift=7,262 origin=0,0 zone=31,121,60,240 block=[]
scene CAB_C4 size=[640 400] ltg=[-59 259] gs=[144 36] gsh=[46 -99] gl=[8 5] zper=8
  walkable 5: 2,1 2,2 1,3 2,3 2,4
  obj cntrdoor   cell=2,0 star=true z=7 cur=3 text=4 shift=275,160 origin=0,0 zone=254,139,100,165 block=[]
  obj downdoor   cell=2,4 star=true z=39 cur=4 text=4 shift=0,0 origin=275,304 zone=129,383,250,100 block=[]
  obj lftdoor    cell=0,3 star=true z=31 cur=1 text=4 shift=-13,268 origin=0,0 zone=31,127,60,240 block=[]
scene CAB_C5 size=[640 400] ltg=[-79 258] gs=[144 36] gsh=[46 -99] gl=[8 5] zper=8
  walkable 6: 2,1 1,2 2,2 3,2 1,3 2,3
  obj bur3       cell=3,3 star=true z=26 cur=0 text=1011 shift=84,89 origin=315,178 zone=448,293,75,92 block=[]
  obj cntrdoor   cell=2,1 star=true z=15 cur=3 text=4 shift=255,195 origin=0,0 zone=214,174,100,165 block=[]
  obj nail       cell=3,2 star=false z=16 cur=0 text=0 shift=289,47 origin=110,184 zone=353,330,0,0 block=[]
  obj net        cell=3,2 star=true z=16 cur=0 text=1014 shift=289,47 origin=110,184 zone=413,195,30,85 block=[]
scene CHESS size=[640 400] ltg=[-44 238] gs=[144 36] gsh=[46 -99] gl=[8 5] zper=8
  walkable 25: 0,0 1,0 2,0 3,0 4,0 0,1 1,1 2,1 3,1 4,1 0,2 1,2 2,2 3,2 4,2 0,3 1,3 2,3 3,3 4,3 0,4 1,4 2,4 3,4 4,4
  obj bt1        cell=1,2 star=true z=16 cur=0 text=1103 shift=0,0 origin=146,211 zone=197,193,20,35 block=[]
  obj bt2        cell=2,2 star=false z=16 cur=0 text=1103 shift=0,0 origin=290,211 zone=341,193,20,35 block=[]
  obj bt3        cell=3,2 star=false z=16 cur=0 text=1103 shift=0,0 origin=434,211 zone=485,193,20,35 block=[]
  obj bt4        cell=4,2 star=false z=16 cur=0 text=1103 shift=0,0 origin=578,211 zone=629,193,20,35 block=[]
  obj bt5        cell=5,2 star=false z=16 cur=0 text=1103 shift=0,0 origin=722,211 zone=773,193,20,35 block=[]
  obj curtain    cell=2,2 star=true z=16 cur=0 text=1101 shift=124,203 origin=166,8 zone=294,130,30,70 block=[]
  obj gl1        cell=1,2 star=true z=16 cur=0 text=1102 shift=291,211 origin=-145,0 zone=40,140,96,46 block=[]
  obj gl2        cell=2,2 star=false z=16 cur=0 text=1102 shift=291,211 origin=-1,0 zone=184,140,96,46 block=[]
  obj ob1        cell=1,2 star=true z=21 cur=0 text=0 shift=124,203 origin=22,8 zone=100,310,0,0 block=[]
  obj ob1a       cell=1,2 star=false z=21 cur=0 text=0 shift=124,203 origin=22,8 zone=100,310,0,0 block=[]
  obj ob1b       cell=1,2 star=false z=21 cur=0 text=0 shift=124,203 origin=22,8 zone=100,310,0,0 block=[]
  obj ob1c       cell=1,2 star=false z=21 cur=0 text=0 shift=124,203 origin=22,8 zone=100,310,0,0 block=[]
  obj ob1d       cell=1,2 star=false z=21 cur=0 text=0 shift=124,203 origin=22,8 zone=100,310,0,0 block=[]
  obj ob1e       cell=1,2 star=false z=21 cur=0 text=0 shift=124,203 origin=22,8 zone=100,310,0,0 block=[]
  obj ob1f       cell=1,2 star=false z=21 cur=0 text=0 shift=124,203 origin=22,8 zone=100,310,0,0 block=[]
  obj ob2        cell=2,2 star=false z=21 cur=0 text=0 shift=124,203 origin=166,8 zone=244,310,0,0 block=[]
  obj ob2a       cell=2,2 star=false z=21 cur=0 text=0 shift=124,203 origin=166,8 zone=244,310,0,0 block=[]
  obj ob2b       cell=2,2 star=false z=21 cur=0 text=0 shift=124,203 origin=166,8 zone=244,310,0,0 block=[]
  obj ob2c       cell=2,2 star=false z=21 cur=0 text=0 shift=124,203 origin=166,8 zone=244,310,0,0 block=[]
  obj ob2d       cell=2,2 star=false z=21 cur=0 text=0 shift=124,203 origin=166,8 zone=244,310,0,0 block=[]
  obj ob2e       cell=2,2 star=false z=21 cur=0 text=0 shift=124,203 origin=166,8 zone=244,310,0,0 block=[]
  obj ob3        cell=3,2 star=false z=21 cur=0 text=0 shift=124,203 origin=310,8 zone=388,310,0,0 block=[]
  obj ob3a       cell=3,2 star=false z=21 cur=0 text=0 shift=124,203 origin=310,8 zone=388,310,0,0 block=[]
  obj ob3b       cell=3,2 star=false z=21 cur=0 text=0 shift=124,203 origin=310,8 zone=388,310,0,0 block=[]
  obj ob3c       cell=3,2 star=false z=21 cur=0 text=0 shift=124,203 origin=310,8 zone=388,310,0,0 block=[]
  obj ob3d       cell=3,2 star=false z=21 cur=0 text=0 shift=124,203 origin=310,8 zone=388,310,0,0 block=[]
  obj ob4        cell=4,2 star=false z=21 cur=0 text=0 shift=124,203 origin=454,8 zone=532,310,0,0 block=[]
  obj ob4a       cell=4,2 star=false z=21 cur=0 text=0 shift=124,203 origin=454,8 zone=532,310,0,0 block=[]
  obj ob4b       cell=4,2 star=false z=21 cur=0 text=0 shift=124,203 origin=454,8 zone=532,310,0,0 block=[]
  obj ob4c       cell=4,2 star=false z=21 cur=0 text=0 shift=124,203 origin=454,8 zone=532,310,0,0 block=[]
  obj ob4d       cell=4,2 star=false z=21 cur=0 text=0 shift=124,203 origin=454,8 zone=532,310,0,0 block=[]
  obj ob5        cell=5,2 star=false z=21 cur=0 text=0 shift=124,203 origin=598,8 zone=676,310,0,0 block=[]
  obj ob5a       cell=5,2 star=false z=21 cur=0 text=0 shift=124,203 origin=598,8 zone=676,310,0,0 block=[]
  obj ob5b       cell=5,2 star=false z=21 cur=0 text=0 shift=124,203 origin=598,8 zone=676,310,0,0 block=[]
  obj ob5c       cell=5,2 star=false z=21 cur=0 text=0 shift=124,203 origin=598,8 zone=676,310,0,0 block=[]
  obj ob5d       cell=5,2 star=false z=21 cur=0 text=0 shift=124,203 origin=598,8 zone=676,310,0,0 block=[]
  obj ou1        cell=1,2 star=true z=16 cur=0 text=1104 shift=0,0 origin=146,211 zone=-150,40,640,480 block=[]
  obj ou2        cell=2,2 star=false z=16 cur=0 text=1104 shift=0,0 origin=290,211 zone=-6,40,640,480 block=[]
  obj ou3        cell=3,2 star=false z=16 cur=0 text=1104 shift=0,0 origin=434,211 zone=138,40,640,480 block=[]
  obj ou4        cell=4,2 star=false z=16 cur=0 text=1104 shift=0,0 origin=578,211 zone=282,40,640,480 block=[]
  obj ou5        cell=5,2 star=false z=16 cur=0 text=1104 shift=0,0 origin=722,211 zone=426,40,640,480 block=[]
  obj shelf      cell=1,1 star=true z=8 cur=0 text=1013 shift=210,48 origin=-64,127 zone=100,274,0,0 block=[]
scene INT0 size=[640 480] ltg=[-92 270] gs=[144 36] gsh=[46 -99] gl=[8 2] zper=8
  walkable 8: 1,0 2,0 3,0 4,0 1,1 2,1 3,1 4,1
  obj start      cell=2,2 star=true z=18 cur=0 text=0 shift=393,293 origin=-151,-50 zone=196,342,0,0 block=[]
scene INT1 size=[640 480] ltg=[-92 270] gs=[144 36] gsh=[46 -99] gl=[8 2] zper=8
  walkable 8: 1,0 2,0 3,0 4,0 1,1 2,1 3,1 4,1
scene INT2 size=[640 480] ltg=[-92 270] gs=[144 36] gsh=[46 -99] gl=[8 2] zper=8
  walkable 8: 1,0 2,0 3,0 4,0 1,1 2,1 3,1 4,1
scene INT3 size=[640 480] ltg=[-92 270] gs=[144 36] gsh=[46 -99] gl=[8 2] zper=8
  walkable 8: 1,0 2,0 3,0 4,0 1,1 2,1 3,1 4,1
scene INT4 size=[640 480] ltg=[-92 270] gs=[144 36] gsh=[46 -99] gl=[8 2] zper=8
  walkable 8: 1,0 2,0 3,0 4,0 1,1 2,1 3,1 4,1
scene MAPSCR size=[640 400] ltg=[-39 258] gs=[144 36] gsh=[46 -99] gl=[8 4] zper=8
  walkable 20: 0,0 1,0 2,0 3,0 4,0 0,1 1,1 2,1 3,1 4,1 0,2 1,2 2,2 3,2 4,2 0,3 1,3 2,3 3,3 4,3
  obj banan      cell=2,2 star=true z=17 cur=0 text=393 shift=0,0 origin=295,231 zone=359,220,150,80 block=[]
  obj canib      cell=2,2 star=false z=16 cur=0 text=397 shift=0,0 origin=295,231 zone=-1,80,180,100 block=[]
  obj forest     cell=2,2 star=true z=18 cur=0 text=396 shift=0,0 origin=295,231 zone=449,140,130,80 block=[]
  obj home       cell=2,2 star=false z=21 cur=0 text=398 shift=296,232 origin=-1,-1 zone=399,160,50,50 block=[]
  obj house      cell=2,2 star=true z=18 cur=0 text=395 shift=0,0 origin=295,231 zone=324,140,125,80 block=[]
  obj mount      cell=2,2 star=true z=16 cur=0 text=392 shift=0,0 origin=295,231 zone=179,115,145,95 block=[]
  obj oak        cell=2,2 star=true z=16 cur=0 text=391 shift=0,0 origin=295,231 zone=184,210,175,75 block=[]
  obj palma      cell=2,2 star=true z=16 cur=0 text=390 shift=0,0 origin=295,231 zone=169,285,200,80 block=[]
  obj ship       cell=2,2 star=true z=16 cur=0 text=394 shift=0,0 origin=295,231 zone=324,30,225,140 block=[]
  obj totem      cell=2,2 star=true z=16 cur=0 text=397 shift=0,0 origin=295,231 zone=-1,80,180,100 block=[]
scene PALACE size=[1024 400] ltg=[-19 218] gs=[144 36] gsh=[46 -99] gl=[8 5] zper=8
  walkable 21: 0,1 1,1 2,1 3,1 0,2 1,2 3,2 4,2 5,2 6,2 0,3 1,3 3,3 4,3 5,3 6,3 1,4 2,4 3,4 4,4 5,4
  obj air0       cell=0,4 star=true z=34 cur=0 text=1042 shift=219,155 origin=-192,108 zone=41,282,27,42 block=[]
  obj air1       cell=1,4 star=false z=34 cur=0 text=0 shift=219,155 origin=-48,108 zone=125,362,0,0 block=[]
  obj endtalk    cell=3,3 star=false z=27 cur=0 text=7 shift=393,293 origin=66,-66 zone=413,326,0,0 block=[]
  obj fr2king    cell=2,3 star=false z=27 cur=0 text=7 shift=393,293 origin=-78,-66 zone=269,326,0,0 block=[]
  obj idol1      cell=1,0 star=true z=7 cur=0 text=10 shift=27,263 origin=144,-144 zone=125,218,0,0 block=[]
  obj idol2      cell=2,6 star=true z=55 cur=0 text=10 shift=891,263 origin=-576,72 zone=269,434,0,0 block=[]
  obj king       cell=2,3 star=true z=26 cur=0 text=1040 shift=86,78 origin=229,149 zone=339,196,42,23 block=[]
  obj kingtalk   cell=3,3 star=false z=27 cur=0 text=7 shift=393,293 origin=66,-66 zone=413,326,0,0 block=[]
  obj kng        cell=3,3 star=false z=26 cur=0 text=0 shift=393,293 origin=66,-66 zone=413,326,0,0 block=[]
  obj man        cell=2,3 star=true z=27 cur=0 text=1041 shift=355,308 origin=-40,-81 zone=249,179,27,40 block=[]
  obj mn1        cell=1,2 star=false z=19 cur=0 text=0 shift=125,308 origin=46,-117 zone=125,290,0,0 block=[]
  obj mus1       cell=1,4 star=false z=34 cur=0 text=0 shift=344,149 origin=-173,114 zone=125,362,0,0 block=[]
  obj mus3       cell=3,3 star=false z=26 cur=0 text=0 shift=393,293 origin=66,-66 zone=413,326,0,0 block=[]
  obj organ      cell=5,2 star=true z=21 cur=0 text=1044 shift=355,191 origin=392,0 zone=878,150,37,167 block=[]
  obj palbeach   cell=0,0 star=true z=0 cur=0 text=0 shift=27,119 origin=0,0 zone=-19,218,0,0 block=[]
  obj pipe       cell=2,3 star=false z=24 cur=0 text=0 shift=0,0 origin=315,227 zone=269,326,0,0 block=[]
  obj tr1        cell=1,2 star=false z=23 cur=0 text=0 shift=297,191 origin=-126,0 zone=125,290,0,0 block=[]
  obj tr2        cell=2,2 star=true z=23 cur=0 text=0 shift=297,191 origin=18,0 zone=269,290,0,0 block=[]
  obj tubs       cell=5,4 star=true z=37 cur=0 text=1045 shift=117,77 origin=630,186 zone=748,372,33,30 block=[]
scene SCENA0 size=[1024 400] ltg=[15 150] gs=[144 36] gsh=[46 -99] gl=[8 5] zper=8
  walkable 28: 0,0 1,0 2,0 3,0 4,0 5,0 6,0 0,1 1,1 2,1 3,1 4,1 5,1 6,1 0,2 1,2 2,2 3,2 6,2 0,3 1,3 2,3 3,3 0,4 1,4 2,4 3,4 4,4
  obj bgstone    cell=2,3 star=false z=29 cur=0 text=9 shift=92,43 origin=257,116 zone=401,274,22,17 block=[]
  obj cc1        cell=1,2 star=true z=22 cur=0 text=6 shift=0,0 origin=205,123 zone=283,-53,60,55 block=[]
  obj clay       cell=2,3 star=false z=31 cur=0 text=406 shift=316,74 origin=33,85 zone=355,270,30,20 block=[]
  obj coco       cell=2,3 star=false z=29 cur=0 text=1 shift=92,43 origin=257,116 zone=375,272,20,25 block=[]
  obj crb        cell=4,3 star=true z=29 cur=0 text=5 shift=29,54 origin=608,105 zone=651,228,48,34 block=[]
  obj fire       cell=1,3 star=false z=29 cur=0 text=107 shift=90,227 origin=115,-68 zone=214,268,25,30 block=[]
  obj fraskcon   cell=5,2 star=false z=16 cur=0 text=0 shift=99,89 origin=682,34 zone=735,222,0,0 block=[]
  obj goleft     cell=0,1 star=true z=9 cur=1 text=4 shift=0,0 origin=61,87 zone=-18,-44,70,447 block=[]
  obj gorght     cell=6,1 star=false z=9 cur=2 text=4 shift=0,0 origin=925,87 zone=967,-1,60,400 block=[]
  obj palma      cell=2,3 star=true z=29 cur=0 text=2 shift=240,271 origin=109,-112 zone=451,-85,30,375 block=[]
  obj pool       cell=5,2 star=true z=21 cur=0 text=3 shift=0,0 origin=781,123 zone=707,244,260,70 block=[]
  obj rotalk     cell=5,2 star=false z=20 cur=0 text=0 shift=51,30 origin=730,93 zone=735,222,0,0 block=[]
  obj smoke      cell=2,3 star=false z=30 cur=0 text=0 shift=312,217 origin=37,-58 zone=303,258,0,0 block=[]
  obj sound      cell=0,0 star=false z=0 cur=0 text=0 shift=92,400 origin=-31,-349 zone=15,150,0,0 block=[]
  obj sstone     cell=2,3 star=false z=29 cur=0 text=8 shift=92,43 origin=257,116 zone=344,280,16,16 block=[]
  obj wave       cell=0,4 star=true z=33 cur=0 text=0 shift=60,195 origin=1,0 zone=15,294,0,0 block=[]
  obj woods      cell=1,3 star=false z=29 cur=0 text=307 shift=90,227 origin=115,-68 zone=211,270,28,27 block=[]
scene SCENA1 size=[1024 400] ltg=[74 280] gs=[144 36] gsh=[46 -99] gl=[8 3] zper=8
  walkable 15: 0,0 1,0 2,0 3,0 4,0 5,0 0,1 4,1 5,1 0,2 1,2 2,2 3,2 4,2 5,2
  obj balaway    cell=1,1 star=false z=8 cur=0 text=0 shift=94,306 origin=170,-89 zone=218,316,0,0 block=[]
  obj balon      cell=1,1 star=false z=15 cur=0 text=108 shift=0,0 origin=264,217 zone=188,-4,200,200 block=[]
  obj basket     cell=0,1 star=false z=13 cur=0 text=109 shift=120,217 origin=0,0 zone=174,296,150,60 block=[]
  obj beeout     cell=3,0 star=false z=3 cur=0 text=0 shift=169,249 origin=383,-68 zone=506,280,0,0 block=[]
  obj bgstone    cell=5,1 star=false z=13 cur=0 text=9 shift=92,43 origin=748,174 zone=892,332,22,17 block=[]
  obj bird       cell=2,0 star=true z=6 cur=0 text=103 shift=372,233 origin=36,-52 zone=192,50,165,75 block=[]
  obj birdout    cell=2,0 star=false z=2 cur=0 text=0 shift=299,264 origin=109,-83 zone=362,280,0,0 block=[]
  obj bln        cell=1,1 star=false z=15 cur=0 text=108 shift=0,0 origin=264,217 zone=188,-4,200,200 block=[]
  obj borrow     cell=2,1 star=true z=11 cur=0 text=106 shift=0,0 origin=408,217 zone=425,246,55,75 block=[]
  obj branch     cell=2,1 star=true z=11 cur=0 text=104 shift=248,217 origin=160,0 zone=372,326,0,0 block=[]
  obj clay       cell=5,1 star=false z=15 cur=0 text=406 shift=316,74 origin=524,143 zone=846,328,30,20 block=[]
  obj coco       cell=5,1 star=false z=13 cur=0 text=1 shift=92,43 origin=748,174 zone=866,330,20,25 block=[]
  obj crb        cell=0,0 star=false z=5 cur=0 text=5 shift=29,54 origin=91,127 zone=134,250,48,34 block=[]
  obj emphol     cell=3,0 star=false z=6 cur=0 text=105 shift=0,0 origin=552,181 zone=776,40,47,65 block=[]
  obj fr1        cell=1,4 star=false z=37 cur=0 text=107 shift=90,227 origin=174,98 zone=273,434,25,30 block=[]
  obj fr2        cell=2,2 star=false z=21 cur=0 text=107 shift=90,227 origin=318,26 zone=417,362,25,30 block=[]
  obj fr3        cell=3,2 star=false z=21 cur=0 text=107 shift=90,227 origin=462,26 zone=561,362,25,30 block=[]
  obj fraskcon   cell=0,0 star=false z=0 cur=0 text=0 shift=99,89 origin=21,92 zone=74,280,0,0 block=[]
  obj frkepbal   cell=1,1 star=false z=8 cur=0 text=0 shift=94,306 origin=170,-89 zone=218,316,0,0 block=[]
  obj frkipbal   cell=1,1 star=false z=8 cur=0 text=0 shift=94,306 origin=170,-89 zone=218,316,0,0 block=[]
  obj frnetgon   cell=1,2 star=false z=16 cur=0 text=0 shift=264,253 origin=0,0 zone=218,352,0,0 block=[]
  obj goleft     cell=0,1 star=true z=9 cur=1 text=4 shift=0,0 origin=120,217 zone=-1,-4,50,405 block=[]
  obj gondola    cell=0,1 star=false z=13 cur=0 text=109 shift=120,217 origin=0,0 zone=174,296,150,60 block=[]
  obj gorght     cell=5,1 star=true z=9 cur=2 text=4 shift=0,0 origin=840,217 zone=964,-4,60,405 block=[]
  obj hollow     cell=3,0 star=true z=6 cur=0 text=105 shift=0,0 origin=552,181 zone=776,40,47,65 block=[]
  obj li1        cell=1,5 star=false z=45 cur=0 text=102 shift=312,217 origin=-48,144 zone=217,459,0,0 block=[]
  obj liana      cell=5,1 star=true z=13 cur=0 text=102 shift=378,264 origin=462,-47 zone=724,286,90,70 block=[]
  obj mongol     cell=0,1 star=false z=13 cur=0 text=100 shift=120,217 origin=0,0 zone=171,301,155,50 block=[]
  obj nest       cell=0,1 star=false z=10 cur=0 text=104 shift=120,217 origin=0,0 zone=209,71,145,50 block=[]
  obj oak        cell=2,0 star=true z=5 cur=0 text=101 shift=408,181 origin=0,0 zone=627,190,55,17 block=[]
  obj ronetbln   cell=0,0 star=false z=4 cur=0 text=0 shift=51,30 origin=69,151 zone=74,280,0,0 block=[]
  obj root       cell=5,1 star=false z=8 cur=0 text=0 shift=500,202 origin=340,15 zone=794,316,0,0 block=[]
  obj rotalk     cell=0,0 star=false z=4 cur=0 text=0 shift=51,30 origin=69,151 zone=74,280,0,0 block=[]
  obj skunsout   cell=2,1 star=false z=15 cur=0 text=0 shift=251,167 origin=157,50 zone=362,316,0,0 block=[]
  obj sm1        cell=1,4 star=true z=39 cur=0 text=0 shift=0,0 origin=264,325 zone=218,424,0,0 block=[]
  obj smoke      cell=0,0 star=false z=6 cur=0 text=0 shift=312,217 origin=-192,-36 zone=74,280,0,0 block=[]
  obj sound      cell=0,0 star=false z=0 cur=0 text=0 shift=92,400 origin=28,-219 zone=74,280,0,0 block=[]
  obj sstone     cell=5,1 star=false z=13 cur=0 text=8 shift=92,43 origin=748,174 zone=835,338,16,16 block=[]
  obj takewood   cell=5,1 star=false z=12 cur=0 text=0 shift=117,77 origin=723,140 zone=794,316,0,0 block=[]
  obj woods      cell=5,1 star=false z=13 cur=0 text=307 shift=90,227 origin=750,-10 zone=846,328,28,27 block=[]
scene SCENA2 size=[1024 400] ltg=[-6 246] gs=[144 36] gsh=[46 -99] gl=[8 4] zper=8
  walkable 18: 3,1 4,1 5,1 6,1 0,2 1,2 2,2 3,2 4,2 5,2 6,2 0,3 1,3 2,3 3,3 4,3 5,3 6,3
  obj beach      cell=5,0 star=true z=0 cur=0 text=9 shift=376,147 origin=384,0 zone=714,246,0,0 block=[]
  obj bgstone    cell=5,1 star=true z=13 cur=0 text=9 shift=92,43 origin=668,140 zone=812,298,22,17 block=[]
  obj cave       cell=3,1 star=false z=9 cur=1 text=202 shift=0,0 origin=472,183 zone=326,137,90,120 block=[]
  obj cave1      cell=1,3 star=false z=27 cur=0 text=0 shift=207,78 origin=-23,177 zone=138,354,0,0 block=[]
  obj cc2        cell=2,5 star=false z=45 cur=0 text=1 shift=92,43 origin=236,284 zone=354,440,20,25 block=[]
  obj clay       cell=5,1 star=false z=15 cur=0 text=406 shift=316,74 origin=444,109 zone=766,294,30,20 block=[]
  obj coco       cell=2,1 star=false z=13 cur=0 text=1 shift=92,43 origin=236,140 zone=354,296,20,25 block=[]
  obj cv1        cell=1,3 star=true z=25 cur=1 text=202 shift=0,0 origin=184,255 zone=38,209,90,120 block=[]
  obj fire       cell=5,1 star=false z=13 cur=0 text=107 shift=90,227 origin=670,-44 zone=769,292,25,30 block=[]
  obj fraskcon   cell=0,0 star=false z=0 cur=0 text=0 shift=99,89 origin=-59,58 zone=-6,246,0,0 block=[]
  obj frt        cell=1,2 star=false z=17 cur=0 text=201 shift=0,0 origin=184,219 zone=32,108,120,160 block=[]
  obj fruit      cell=1,2 star=true z=17 cur=0 text=201 shift=361,249 origin=-177,-30 zone=132,178,18,20 block=[]
  obj gocanib    cell=0,2 star=false z=17 cur=1 text=4 shift=0,0 origin=40,219 zone=-6,-1,50,400 block=[]
  obj goleft     cell=0,2 star=false z=17 cur=1 text=4 shift=0,0 origin=40,219 zone=-6,-1,50,400 block=[]
  obj gorght     cell=6,2 star=true z=17 cur=2 text=4 shift=0,0 origin=904,219 zone=970,-1,65,400 block=[]
  obj grz        cell=5,1 star=false z=13 cur=0 text=204 shift=323,246 origin=437,-63 zone=771,296,40,28 block=[]
  obj halfcoc1   cell=1,0 star=false z=6 cur=0 text=203 shift=106,76 origin=78,71 zone=138,246,0,0 block=[]
  obj halfcoc2   cell=2,0 star=false z=4 cur=0 text=203 shift=106,76 origin=222,71 zone=282,246,0,0 block=[]
  obj rock       cell=5,1 star=true z=9 cur=0 text=203 shift=0,0 origin=760,183 zone=874,320,45,28 block=[]
  obj rotalk     cell=0,0 star=false z=4 cur=0 text=0 shift=51,30 origin=-11,117 zone=-6,246,0,0 block=[]
  obj smoke      cell=1,1 star=false z=14 cur=0 text=0 shift=312,217 origin=-128,-34 zone=138,282,0,0 block=[]
  obj sound      cell=0,0 star=false z=0 cur=0 text=0 shift=92,400 origin=-52,-253 zone=-6,246,0,0 block=[]
  obj sstone     cell=2,2 star=true z=21 cur=0 text=8 shift=92,43 origin=236,176 zone=323,340,16,16 block=[]
  obj stones     cell=5,1 star=false z=13 cur=0 text=204 shift=323,246 origin=437,-63 zone=771,296,40,28 block=[]
  obj woods      cell=5,1 star=false z=13 cur=0 text=307 shift=90,227 origin=670,-44 zone=766,294,28,27 block=[]
scene SCENA3 size=[1024 400] ltg=[1 272] gs=[144 36] gsh=[46 -99] gl=[8 4] zper=8
  walkable 26: 0,0 3,0 4,0 5,0 6,0 0,1 1,1 2,1 3,1 4,1 5,1 6,1 0,2 1,2 2,2 3,2 4,2 5,2 6,2 0,3 1,3 2,3 3,3 4,3 5,3 6,3
  obj 1banan     cell=1,0 star=true z=7 cur=0 text=8 shift=45,281 origin=146,-108 zone=145,272,0,0 block=[]
  obj banana     cell=4,2 star=true z=16 cur=0 text=302 shift=621,245 origin=2,0 zone=611,119,55,72 block=[]
  obj bgstone    cell=0,3 star=false z=29 cur=0 text=9 shift=92,43 origin=-45,238 zone=99,396,22,17 block=[]
  obj clay       cell=0,3 star=false z=31 cur=0 text=406 shift=316,74 origin=-269,207 zone=53,392,30,20 block=[]
  obj ctree      cell=1,2 star=true z=14 cur=0 text=301 shift=189,245 origin=2,0 zone=98,159,32,21 block=[]
  obj empty      cell=3,0 star=false z=1 cur=0 text=23 shift=0,0 origin=479,173 zone=83,-48,1000,500 block=[]
  obj fire       cell=0,3 star=false z=29 cur=0 text=107 shift=90,227 origin=-43,54 zone=56,390,25,30 block=[]
  obj fraskcon   cell=0,0 star=false z=0 cur=0 text=0 shift=99,89 origin=-52,84 zone=1,272,0,0 block=[]
  obj goleft     cell=0,2 star=true z=17 cur=1 text=4 shift=0,0 origin=47,245 zone=-1,-1,50,420 block=[]
  obj gorght     cell=6,3 star=false z=25 cur=2 text=4 shift=0,0 origin=911,281 zone=970,-7,60,400 block=[]
  obj rotalk     cell=0,0 star=false z=4 cur=0 text=0 shift=51,30 origin=-4,143 zone=1,272,0,0 block=[]
  obj rp1        cell=1,1 star=false z=9 cur=0 text=305 shift=333,245 origin=-142,-36 zone=215,318,80,30 block=[]
  obj smoke      cell=0,3 star=false z=30 cur=0 text=0 shift=312,217 origin=-265,64 zone=1,380,0,0 block=[]
  obj sound      cell=0,0 star=false z=0 cur=0 text=0 shift=92,400 origin=-45,-227 zone=1,272,0,0 block=[]
  obj sstone     cell=0,3 star=false z=29 cur=0 text=8 shift=92,43 origin=-45,238 zone=42,402,16,16 block=[]
  obj t2banan    cell=2,2 star=false z=17 cur=0 text=306 shift=211,311 origin=124,-66 zone=513,180,55,72 block=[]
  obj t3banan    cell=3,2 star=false z=15 cur=0 text=306 shift=211,311 origin=268,-66 zone=657,180,55,72 block=[]
  obj woods      cell=0,3 star=false z=29 cur=0 text=307 shift=90,227 origin=-43,54 zone=53,392,28,27 block=[]
  obj wuds       cell=1,2 star=true z=15 cur=0 text=303 shift=189,245 origin=2,0 zone=48,127,70,33 block=[]
scene SCENA4 size=[1024 400] ltg=[-23 301] gs=[144 36] gsh=[46 -99] gl=[8 3] zper=8
  walkable 13: 1,1 2,1 3,1 4,1 5,1 6,1 0,2 1,2 2,2 3,2 4,2 5,2 6,2
  obj bgstone    cell=6,1 star=false z=13 cur=0 text=9 shift=92,43 origin=795,195 zone=939,353,22,17 block=[]
  obj bigwave    cell=1,0 star=true z=3 cur=1 text=0 shift=167,202 origin=0,0 zone=121,301,0,0 block=[]
  obj br0        cell=0,2 star=true z=16 cur=0 text=402 shift=300,266 origin=-277,8 zone=157,328,90,38 block=[]
  obj br1        cell=1,5 star=true z=40 cur=0 text=402 shift=300,266 origin=-133,116 zone=301,439,90,35 block=[]
  obj br2        cell=2,5 star=false z=40 cur=0 text=404 shift=300,266 origin=11,116 zone=312,481,55,10 block=[]
  obj br3        cell=3,2 star=false z=16 cur=0 text=402 shift=300,266 origin=155,8 zone=589,328,90,38 block=[]
  obj clay       cell=6,2 star=false z=23 cur=0 text=406 shift=316,74 origin=571,200 zone=893,385,30,20 block=[]
  obj empty      cell=3,0 star=false z=1 cur=0 text=23 shift=0,0 origin=455,202 zone=59,-19,1000,500 block=[]
  obj fire       cell=6,1 star=false z=13 cur=0 text=107 shift=90,227 origin=797,11 zone=896,347,25,30 block=[]
  obj fraskcon   cell=0,0 star=false z=0 cur=0 text=0 shift=99,89 origin=-76,113 zone=-23,301,0,0 block=[]
  obj gocanib    cell=0,2 star=false z=17 cur=1 text=4 shift=0,0 origin=23,274 zone=-29,-7,80,420 block=[]
  obj goleft     cell=0,2 star=true z=17 cur=1 text=4 shift=0,0 origin=23,274 zone=-29,-7,80,420 block=[]
  obj gorght     cell=6,1 star=true z=9 cur=2 text=4 shift=0,0 origin=887,238 zone=971,-43,55,450 block=[]
  obj plot       cell=5,1 star=false z=8 cur=0 text=405 shift=311,238 origin=432,0 zone=782,292,192,55 block=[]
  obj rotalk     cell=0,0 star=false z=4 cur=0 text=0 shift=51,30 origin=-28,172 zone=-23,301,0,0 block=[]
  obj ship       cell=3,0 star=true z=7 cur=0 text=401 shift=0,0 origin=455,202 zone=519,66,240,120 block=[]
  obj smoke      cell=6,1 star=false z=14 cur=0 text=0 shift=312,217 origin=575,21 zone=841,337,0,0 block=[]
  obj sound      cell=0,0 star=false z=0 cur=0 text=0 shift=92,400 origin=-69,-198 zone=-23,301,0,0 block=[]
  obj sstone     cell=6,1 star=false z=13 cur=0 text=8 shift=92,43 origin=795,195 zone=882,359,16,16 block=[]
  obj stick      cell=2,1 star=true z=8 cur=0 text=403 shift=311,238 origin=0,0 zone=175,324,150,15 block=[]
  obj woods      cell=6,1 star=false z=13 cur=0 text=307 shift=90,227 origin=797,11 zone=893,349,28,27 block=[]
scene SCENA5 size=[1024 400] ltg=[93 254] gs=[144 36] gsh=[46 -99] gl=[8 4] zper=8
  walkable 18: 3,0 0,1 1,1 2,1 3,1 4,1 0,2 1,2 2,2 3,2 4,2 5,2 0,3 1,3 2,3 3,3 4,3 5,3
  obj bgstone    cell=3,1 star=false z=13 cur=0 text=9 shift=92,43 origin=479,148 zone=623,306,22,17 block=[]
  obj br7        cell=7,3 star=false z=26 cur=0 text=503 shift=154,105 origin=993,158 zone=1256,297,60,50 block=[]
  obj br8        cell=8,3 star=false z=26 cur=0 text=503 shift=154,105 origin=1137,158 zone=1400,297,60,50 block=[]
  obj clay       cell=3,1 star=false z=15 cur=0 text=406 shift=316,74 origin=255,117 zone=577,302,30,20 block=[]
  obj fire       cell=3,1 star=false z=13 cur=0 text=107 shift=90,227 origin=481,-36 zone=580,300,25,30 block=[]
  obj fraskcon   cell=0,0 star=false z=0 cur=0 text=0 shift=99,89 origin=40,66 zone=93,254,0,0 block=[]
  obj goleft     cell=0,2 star=true z=17 cur=1 text=4 shift=0,0 origin=139,227 zone=-2,-4,50,450 block=[]
  obj gorght     cell=5,2 star=true z=17 cur=2 text=4 shift=0,0 origin=859,227 zone=972,-4,60,450 block=[]
  obj home       cell=3,1 star=false z=13 cur=0 text=0 shift=187,197 origin=384,-6 zone=525,290,0,0 block=[]
  obj home1      cell=1,4 star=false z=35 cur=1 text=502 shift=331,233 origin=-48,66 zone=167,268,100,130 block=[]
  obj p00        cell=0,1 star=false z=9 cur=0 text=501 shift=371,103 origin=-232,88 zone=28,130,60,90 block=[]
  obj p01        cell=1,1 star=false z=9 cur=0 text=501 shift=371,103 origin=-88,88 zone=172,130,60,90 block=[]
  obj p02        cell=2,1 star=false z=9 cur=0 text=501 shift=371,103 origin=56,88 zone=316,130,60,90 block=[]
  obj p03        cell=3,1 star=false z=9 cur=0 text=501 shift=371,103 origin=200,88 zone=460,130,60,90 block=[]
  obj p04        cell=4,1 star=false z=9 cur=0 text=501 shift=371,103 origin=344,88 zone=604,130,60,90 block=[]
  obj p05        cell=5,1 star=false z=9 cur=0 text=501 shift=371,103 origin=488,88 zone=748,130,60,90 block=[]
  obj p10        cell=10,1 star=false z=9 cur=0 text=501 shift=371,103 origin=1208,88 zone=1468,130,60,90 block=[]
  obj p11        cell=11,1 star=false z=9 cur=0 text=501 shift=371,103 origin=1352,88 zone=1612,130,60,90 block=[]
  obj p20        cell=20,1 star=false z=9 cur=0 text=501 shift=371,103 origin=2648,88 zone=2908,130,60,90 block=[]
  obj p21        cell=21,1 star=false z=9 cur=0 text=501 shift=371,103 origin=2792,88 zone=3052,130,60,90 block=[]
  obj p22        cell=22,1 star=false z=9 cur=0 text=501 shift=371,103 origin=2936,88 zone=3196,130,60,90 block=[]
  obj p23        cell=23,1 star=false z=9 cur=0 text=501 shift=371,103 origin=3080,88 zone=3340,130,60,90 block=[]
  obj p30        cell=30,1 star=false z=9 cur=0 text=501 shift=371,103 origin=4088,88 zone=4348,130,60,90 block=[]
  obj p31        cell=31,1 star=false z=9 cur=0 text=501 shift=371,103 origin=4232,88 zone=4492,130,60,90 block=[]
  obj p40        cell=40,1 star=false z=9 cur=0 text=501 shift=371,103 origin=5528,88 zone=5788,130,60,90 block=[]
  obj p41        cell=41,1 star=false z=9 cur=0 text=501 shift=371,103 origin=5672,88 zone=5932,130,60,90 block=[]
  obj p44        cell=44,1 star=false z=9 cur=0 text=501 shift=371,103 origin=6104,88 zone=6364,130,60,90 block=[]
  obj p50        cell=50,1 star=false z=9 cur=0 text=501 shift=371,103 origin=6968,88 zone=7228,130,60,90 block=[]
  obj p51        cell=51,1 star=false z=9 cur=0 text=501 shift=371,103 origin=7112,88 zone=7372,130,60,90 block=[]
  obj p52        cell=52,1 star=false z=9 cur=0 text=501 shift=371,103 origin=7256,88 zone=7516,130,60,90 block=[]
  obj p60        cell=60,1 star=false z=9 cur=0 text=501 shift=371,103 origin=8408,88 zone=8668,130,60,90 block=[]
  obj p61        cell=61,1 star=false z=9 cur=0 text=501 shift=371,103 origin=8552,88 zone=8812,130,60,90 block=[]
  obj p62        cell=62,1 star=false z=9 cur=0 text=501 shift=371,103 origin=8696,88 zone=8956,130,60,90 block=[]
  obj p63        cell=63,1 star=false z=9 cur=0 text=501 shift=371,103 origin=8840,88 zone=9100,130,60,90 block=[]
  obj p64        cell=64,1 star=false z=9 cur=0 text=501 shift=371,103 origin=8984,88 zone=9244,130,60,90 block=[]
  obj p65        cell=65,1 star=false z=9 cur=0 text=501 shift=371,103 origin=9128,88 zone=9388,130,60,90 block=[]
  obj p66        cell=66,1 star=false z=9 cur=0 text=501 shift=371,103 origin=9272,88 zone=9532,130,60,90 block=[]
  obj pop        cell=1,0 star=true z=1 cur=0 text=501 shift=371,103 origin=-88,52 zone=172,74,55,100 block=[]
  obj rotalk     cell=0,0 star=false z=4 cur=0 text=0 shift=51,30 origin=88,125 zone=93,254,0,0 block=[]
  obj smoke      cell=3,1 star=false z=14 cur=0 text=0 shift=312,217 origin=259,-26 zone=525,290,0,0 block=[]
  obj sound      cell=0,0 star=false z=0 cur=0 text=0 shift=92,400 origin=47,-245 zone=93,254,0,0 block=[]
  obj sstone     cell=3,1 star=false z=13 cur=0 text=8 shift=92,43 origin=479,148 zone=566,312,16,16 block=[]
  obj stones     cell=3,1 star=false z=13 cur=0 text=204 shift=323,246 origin=248,-55 zone=582,304,40,28 block=[]
  obj tree7      cell=7,5 star=false z=43 cur=0 text=0 shift=475,191 origin=672,144 zone=1101,434,0,0 block=[]
  obj woods      cell=3,1 star=false z=13 cur=0 text=307 shift=90,227 origin=481,-36 zone=577,302,28,27 block=[]
scene SCENA6 size=[1024 400] ltg=[48 218] gs=[144 36] gsh=[46 -99] gl=[8 4] zper=8
  walkable 23: 0,0 1,0 2,0 3,0 4,0 5,0 0,1 1,1 2,1 3,1 4,1 5,1 0,2 1,2 2,2 3,2 4,2 5,2 6,2 0,3 1,3 2,3 3,3
  obj 1frst1     cell=1,1 star=true z=13 cur=0 text=0 shift=94,227 origin=144,-72 zone=192,254,0,0 block=[]
  obj 1frst2     cell=1,2 star=true z=21 cur=0 text=0 shift=94,227 origin=144,-36 zone=192,290,0,0 block=[]
  obj 1frst3     cell=1,3 star=true z=29 cur=0 text=0 shift=958,155 origin=-720,72 zone=192,326,0,0 block=[]
  obj bgstone    cell=2,2 star=false z=21 cur=0 text=9 shift=92,43 origin=290,148 zone=434,306,22,17 block=[]
  obj br4        cell=4,5 star=false z=41 cur=0 text=602 shift=304,161 origin=366,138 zone=804,323,37,50 block=[]
  obj br5        cell=5,5 star=false z=41 cur=0 text=610 shift=300,266 origin=514,33 zone=948,323,37,50 block=[]
  obj br6        cell=6,5 star=false z=41 cur=0 text=611 shift=428,58 origin=530,241 zone=1092,323,37,50 block=[]
  obj br7        cell=7,5 star=false z=42 cur=0 text=503 shift=154,105 origin=948,194 zone=1211,333,60,50 block=[]
  obj clay       cell=0,0 star=false z=7 cur=0 text=406 shift=316,74 origin=-222,45 zone=100,230,30,20 block=[]
  obj cr1ocod    cell=1,3 star=false z=31 cur=0 text=609 shift=132,157 origin=106,70 zone=442,296,25,40 block=[]
  obj crocod     cell=3,2 star=true z=23 cur=0 text=608 shift=519,191 origin=7,0 zone=730,260,25,40 block=[]
  obj empty      cell=3,0 star=false z=1 cur=0 text=23 shift=0,0 origin=526,119 zone=130,-102,1000,500 block=[]
  obj fire       cell=0,0 star=false z=5 cur=0 text=107 shift=90,227 origin=4,-108 zone=103,228,25,30 block=[]
  obj fraskcon   cell=0,0 star=false z=0 cur=0 text=0 shift=99,89 origin=-5,30 zone=48,218,0,0 block=[]
  obj giveya     cell=0,0 star=true z=6 cur=0 text=605 shift=87,119 origin=7,0 zone=148,228,20,22 block=[]
  obj goleft     cell=0,0 star=true z=1 cur=1 text=4 shift=0,0 origin=94,119 zone=-7,-67,50,480 block=[]
  obj gorght     cell=6,2 star=true z=17 cur=2 text=4 shift=0,0 origin=958,191 zone=972,-10,55,420 block=[]
  obj river      cell=3,2 star=false z=21 cur=0 text=604 shift=0,0 origin=526,191 zone=530,360,100,55 block=[]
  obj rotalk     cell=0,0 star=false z=4 cur=0 text=0 shift=51,30 origin=43,89 zone=48,218,0,0 block=[]
  obj rp3        cell=3,5 star=false z=41 cur=0 text=607 shift=0,0 origin=526,299 zone=525,396,65,15 block=[]
  obj rubber     cell=0,0 star=false z=6 cur=0 text=606 shift=87,119 origin=7,0 zone=173,198,23,33 block=[]
  obj rv1        cell=1,3 star=false z=29 cur=0 text=604 shift=0,0 origin=238,227 zone=242,396,100,55 block=[]
  obj smoke      cell=0,0 star=false z=6 cur=0 text=0 shift=312,217 origin=-218,-98 zone=48,218,0,0 block=[]
  obj sound      cell=0,0 star=false z=0 cur=0 text=0 shift=92,400 origin=2,-281 zone=48,218,0,0 block=[]
  obj sstone     cell=0,0 star=false z=5 cur=0 text=8 shift=92,43 origin=2,76 zone=89,240,16,16 block=[]
  obj st0        cell=0,4 star=false z=39 cur=0 text=0 shift=663,119 origin=-569,144 zone=48,362,0,0 block=[]
  obj stb        cell=4,0 star=false z=7 cur=0 text=603 shift=663,119 origin=7,0 zone=774,218,45,40 block=[]
  obj stub       cell=4,0 star=false z=7 cur=0 text=603 shift=663,119 origin=7,0 zone=774,218,45,40 block=[]
  obj tr0ee      cell=0,4 star=true z=37 cur=0 text=601 shift=663,119 origin=-569,144 zone=198,142,45,260 block=[]
  obj tree       cell=4,0 star=false z=5 cur=0 text=601 shift=663,119 origin=7,0 zone=774,-2,45,260 block=[]
  obj woods      cell=0,0 star=false z=5 cur=0 text=307 shift=90,227 origin=4,-108 zone=100,230,28,27 block=[]
scene SCENA7 size=[1024 400] ltg=[59 250] gs=[144 36] gsh=[46 -99] gl=[8 4] zper=8
  walkable 27: 1,0 2,0 3,0 4,0 5,0 6,0 0,1 1,1 2,1 3,1 4,1 5,1 6,1 0,2 1,2 2,2 3,2 4,2 5,2 6,2 0,3 1,3 2,3 3,3 4,3 5,3 6,3
  obj bgstone    cell=0,1 star=false z=13 cur=0 text=9 shift=92,43 origin=13,144 zone=157,302,22,17 block=[]
  obj can_out    cell=2,1 star=false z=15 cur=0 text=0 shift=393,187 origin=0,0 zone=347,286,0,0 block=[]
  obj cannib     cell=3,2 star=false z=23 cur=0 text=705 shift=537,223 origin=0,0 zone=541,92,360,195 block=[]
  obj clay       cell=0,1 star=false z=15 cur=0 text=406 shift=316,74 origin=-211,113 zone=111,298,30,20 block=[]
  obj cv2        cell=2,1 star=false z=8 cur=3 text=702 shift=249,151 origin=144,36 zone=447,116,60,56 block=[]
  obj cv3        cell=3,1 star=false z=10 cur=3 text=702 shift=249,151 origin=288,36 zone=591,116,60,56 block=[]
  obj fire       cell=0,1 star=false z=13 cur=0 text=107 shift=90,227 origin=15,-40 zone=114,296,25,30 block=[]
  obj fraskcon   cell=0,1 star=false z=8 cur=0 text=0 shift=99,89 origin=6,98 zone=59,286,0,0 block=[]
  obj goleft     cell=0,2 star=true z=17 cur=1 text=4 shift=0,0 origin=105,223 zone=-1,-24,50,440 block=[]
  obj gorght     cell=6,1 star=true z=9 cur=2 text=4 shift=0,0 origin=969,187 zone=971,-24,55,440 block=[]
  obj iva0       cell=0,0 star=true z=5 cur=0 text=0 shift=105,151 origin=0,0 zone=59,250,0,0 block=[]
  obj iva1       cell=1,0 star=false z=5 cur=0 text=703 shift=105,151 origin=144,0 zone=318,216,22,40 block=[]
  obj meat       cell=3,2 star=false z=23 cur=0 text=0 shift=117,229 origin=420,-6 zone=491,322,0,0 block=[]
  obj noname     cell=3,3 star=false z=27 cur=0 text=706 shift=99,89 origin=438,170 zone=561,208,60,160 block=[]
  obj out        cell=3,2 star=false z=16 cur=0 text=722 shift=0,0 origin=537,223 zone=-9,322,1040,480 block=[]
  obj rotalk     cell=0,1 star=false z=12 cur=0 text=0 shift=51,30 origin=54,157 zone=59,286,0,0 block=[]
  obj scuns0     cell=0,7 star=false z=63 cur=0 text=0 shift=133,116 origin=-28,287 zone=59,502,0,0 block=[]
  obj slave      cell=3,2 star=false z=19 cur=0 text=706 shift=537,223 origin=0,0 zone=436,316,40,15 block=[]
  obj smoke      cell=0,1 star=false z=14 cur=0 text=0 shift=312,217 origin=-207,-30 zone=59,286,0,0 block=[]
  obj sstone     cell=0,1 star=false z=13 cur=0 text=8 shift=92,43 origin=13,144 zone=100,308,16,16 block=[]
  obj totem      cell=3,2 star=true z=19 cur=0 text=704 shift=245,236 origin=292,-13 zone=461,122,80,215 block=[]
  obj victim     cell=3,2 star=false z=19 cur=0 text=706 shift=0,0 origin=537,223 zone=436,316,40,15 block=[]
  obj wave2      cell=2,2 star=true z=17 cur=0 text=7 shift=393,147 origin=0,76 zone=347,322,0,0 block=[]
  obj woods      cell=0,1 star=false z=13 cur=0 text=307 shift=90,227 origin=15,-40 zone=111,298,28,27 block=[]
scene SCENA8 size=[640 400] ltg=[-36 237] gs=[144 36] gsh=[46 -99] gl=[8 5] zper=8
  walkable 17: 2,1 3,1 0,2 1,2 2,2 3,2 4,2 0,3 1,3 2,3 3,3 4,3 0,4 1,4 2,4 3,4 4,4
  obj empty      cell=2,0 star=false z=1 cur=0 text=23 shift=0,0 origin=298,138 zone=-98,-83,1000,500 block=[]
  obj fp0        cell=0,1 star=true z=13 cur=0 text=0 shift=0,0 origin=10,174 zone=-36,273,0,0 block=[]
  obj fp1        cell=1,1 star=false z=15 cur=0 text=801 shift=332,246 origin=-178,-72 zone=155,287,40,28 block=[]
  obj fp2        cell=2,1 star=false z=15 cur=0 text=802 shift=316,74 origin=-18,100 zone=299,289,38,28 block=[]
  obj fp3        cell=3,1 star=false z=15 cur=0 text=803 shift=316,74 origin=126,100 zone=443,287,38,30 block=[]
  obj fp4        cell=4,1 star=false z=15 cur=0 text=804 shift=90,227 origin=496,-53 zone=587,286,40,32 block=[]
  obj fp5        cell=5,1 star=false z=15 cur=0 text=805 shift=250,227 origin=480,-53 zone=731,275,40,42 block=[]
  obj fp6        cell=6,1 star=false z=15 cur=0 text=805 shift=250,227 origin=624,-53 zone=875,275,40,42 block=[]
  obj fp7        cell=7,1 star=false z=15 cur=0 text=805 shift=250,227 origin=768,-53 zone=1019,275,40,42 block=[]
  obj fp8        cell=8,1 star=false z=15 cur=0 text=807 shift=250,227 origin=912,-53 zone=1163,275,40,42 block=[]
  obj fp9        cell=9,1 star=false z=15 cur=0 text=807 shift=250,227 origin=1056,-53 zone=1307,275,40,42 block=[]
  obj fpa        cell=1,2 star=false z=23 cur=0 text=808 shift=250,227 origin=-96,-17 zone=155,311,40,42 block=[]
  obj fpb        cell=1,2 star=false z=23 cur=0 text=808 shift=250,227 origin=-96,-17 zone=155,311,40,42 block=[]
  obj fpc        cell=1,2 star=false z=23 cur=0 text=806 shift=250,227 origin=-96,-17 zone=155,311,40,42 block=[]
  obj fpd        cell=1,2 star=false z=23 cur=0 text=806 shift=250,227 origin=-96,-17 zone=155,311,40,42 block=[]
  obj out        cell=0,4 star=true z=37 cur=1 text=4 shift=0,0 origin=10,282 zone=-36,231,80,170 block=[]
  obj smoke      cell=1,2 star=false z=22 cur=0 text=0 shift=312,217 origin=-158,-7 zone=108,309,0,0 block=[]
  obj sound      cell=0,0 star=false z=0 cur=0 text=0 shift=92,400 origin=-82,-262 zone=-36,237,0,0 block=[]
  obj tab        cell=3,2 star=true z=16 cur=0 text=1 shift=436,193 origin=6,17 zone=396,309,0,0 block=[]
  obj tb0        cell=0,3 star=true z=29 cur=0 text=800 shift=436,193 origin=-426,53 zone=-18,300,112,75 block=[]
  obj tb1        cell=1,3 star=false z=29 cur=0 text=810 shift=436,193 origin=-282,53 zone=126,300,112,75 block=[]
  obj tb2        cell=2,3 star=false z=29 cur=0 text=810 shift=436,193 origin=-138,53 zone=270,300,112,75 block=[]
  obj tb3        cell=3,3 star=false z=29 cur=0 text=798 shift=436,193 origin=6,53 zone=414,300,112,75 block=[]
  obj tb4        cell=4,3 star=false z=29 cur=0 text=797 shift=436,193 origin=150,53 zone=558,300,112,75 block=[]
  obj tb5        cell=5,3 star=false z=29 cur=0 text=796 shift=436,193 origin=294,53 zone=702,300,112,75 block=[]
  obj tb6        cell=6,3 star=false z=29 cur=0 text=800 shift=436,193 origin=438,53 zone=846,300,112,75 block=[]
  obj win        cell=2,1 star=true z=13 cur=0 text=809 shift=0,0 origin=298,174 zone=252,73,150,150 block=[]
scene SHIP1 size=[640 400] ltg=[-39 258] gs=[144 36] gsh=[46 -99] gl=[5 5] zper=8
  walkable 11: 0,2 1,2 2,2 3,2 4,2 1,3 2,3 3,3 1,4 2,4 3,4
  obj corsar     cell=2,1 star=true z=13 cur=0 text=1106 shift=128,204 origin=167,-9 zone=389,230,30,40 block=[]
  obj lefdoor    cell=0,3 star=true z=31 cur=0 text=4 shift=7,267 origin=0,0 zone=-39,366,0,0 block=[]
  obj lftdoor    cell=0,3 star=false z=31 cur=1 text=4 shift=7,267 origin=0,0 zone=51,116,60,245 block=[]
  obj rgtdoor    cell=4,3 star=true z=31 cur=2 text=4 shift=582,267 origin=1,0 zone=537,116,60,245 block=[]
  obj rhtdoor    cell=4,3 star=false z=31 cur=2 text=4 shift=582,267 origin=1,0 zone=537,116,60,245 block=[]
  obj shelf      cell=1,1 star=true z=8 cur=0 text=1013 shift=210,48 origin=-59,147 zone=105,294,0,0 block=[]
  obj sigar      cell=3,3 star=false z=24 cur=0 text=1105 shift=117,79 origin=322,188 zone=463,386,20,20 block=[]
scene SHIP2 size=[640 400] ltg=[-103 258] gs=[144 36] gsh=[46 -99] gl=[6 4] zper=8
  walkable 10: 1,0 2,0 3,0 2,1 3,1 1,2 2,2 3,2 1,3 2,3
  obj board      cell=3,0 star=true z=5 cur=0 text=0 shift=375,160 origin=0,-1 zone=329,258,0,0 block=[]
  obj capt       cell=3,3 star=true z=25 cur=0 text=1161 shift=297,243 origin=78,24 zone=329,256,40,30 block=[]
  obj cliap      cell=0,3 star=false z=29 cur=0 text=1109 shift=153,243 origin=-210,24 zone=-33,379,20,20 block=[]
  obj cptask     cell=3,3 star=false z=25 cur=0 text=0 shift=441,243 origin=-66,24 zone=329,366,0,0 block=[]
  obj cptn       cell=3,3 star=false z=29 cur=0 text=1162 shift=187,95 origin=188,172 zone=329,226,60,120 block=[]
  obj map        cell=1,2 star=true z=21 cur=0 text=1163 shift=0,0 origin=87,231 zone=-19,80,120,80 block=[]
  obj map1       cell=1,1 star=false z=14 cur=0 text=0 shift=87,273 origin=0,-78 zone=41,294,0,0 block=[]
  obj out        cell=3,1 star=true z=10 cur=1 text=4 shift=0,0 origin=375,195 zone=369,114,110,160 block=[]
scene SHIP3 size=[640 400] ltg=[-103 258] gs=[144 36] gsh=[46 -99] gl=[6 5] zper=8
  walkable 12: 2,1 3,1 1,2 2,2 3,2 4,2 1,3 2,3 3,3 1,4 2,4 3,4
  obj bu1        cell=1,1 star=false z=14 cur=0 text=1011 shift=123,21 origin=-36,174 zone=201,264,90,60 block=[]
  obj bu2        cell=2,1 star=true z=14 cur=0 text=1011 shift=123,21 origin=108,174 zone=345,264,90,60 block=[]
  obj bu3        cell=3,4 star=true z=34 cur=0 text=1011 shift=99,89 origin=276,214 zone=409,329,75,92 block=[]
  obj bu4        cell=4,4 star=false z=34 cur=0 text=1011 shift=99,89 origin=420,214 zone=553,329,75,92 block=[]
  obj bur0       cell=0,3 star=false z=29 cur=0 text=1017 shift=117,79 origin=-174,188 zone=-73,301,160,90 block=[]
  obj bur1       cell=1,3 star=true z=29 cur=0 text=1017 shift=117,79 origin=-30,188 zone=71,301,160,90 block=[]
  obj frkepbu3   cell=3,4 star=false z=33 cur=0 text=0 shift=99,89 origin=276,214 zone=329,402,0,0 block=[]
  obj frkipbur   cell=4,3 star=false z=25 cur=0 text=0 shift=99,89 origin=420,178 zone=473,366,0,0 block=[]
  obj frputbur   cell=4,3 star=false z=25 cur=1 text=4 shift=99,89 origin=420,178 zone=473,366,0,0 block=[]
  obj lefdoor    cell=0,3 star=false z=25 cur=1 text=4 shift=-57,267 origin=0,0 zone=52,107,60,250 block=[]
  obj lftdoor    cell=0,3 star=true z=25 cur=1 text=4 shift=-57,267 origin=0,0 zone=52,107,60,250 block=[]
  obj paper      cell=3,3 star=false z=24 cur=0 text=1108 shift=99,89 origin=276,178 zone=458,371,20,20 block=[]
  obj pp1        cell=1,3 star=true z=31 cur=0 text=1108 shift=0,0 origin=87,267 zone=129,216,20,20 block=[]
  obj pp2        cell=2,1 star=true z=15 cur=0 text=1107 shift=0,0 origin=231,195 zone=335,287,25,20 block=[]
  obj pp3        cell=3,2 star=true z=23 cur=0 text=1108 shift=0,0 origin=375,231 zone=379,200,20,20 block=[]
  obj prtgas     cell=1,2 star=false z=27 cur=0 text=0 shift=122,193 origin=-35,38 zone=41,330,0,0 block=[]
  obj rgtdoor    cell=5,3 star=true z=23 cur=2 text=4 shift=663,267 origin=0,0 zone=537,107,60,250 block=[]
  obj shelf      cell=2,0 star=false z=0 cur=0 text=0 shift=289,11 origin=-58,148 zone=185,258,0,0 block=[]
  obj shelf2     cell=2,2 star=true z=16 cur=0 text=0 shift=289,11 origin=-58,220 zone=185,330,0,0 block=[]
  obj wc         cell=0,3 star=true z=26 cur=0 text=0 shift=24,202 origin=-81,65 zone=-103,366,0,0 block=[]
